// Vitest Snapshot v1, https://vitest.dev/guide/snapshot.html

exports[`renderTrophySVG snapshot > renders onedark scaffold consistently 1`] = `
"
    <svg
      width="330"
      height="0"
      viewBox="0 0 330 0"
      fill="none"
      xmlns="http://www.w3.org/2000/svg"
    >
      
    </svg>"
`;

exports[`renderTrophySVG snapshot > renders watchdog scaffold consistently 1`] = `
"
    <svg
      width="330"
      height="0"
      viewBox="0 0 330 0"
      fill="none"
      xmlns="http://www.w3.org/2000/svg"
    >
      
    </svg>"
`;

exports[`renderTrophySVG snapshot renders onedark scaffold consistently 1`] = `
"
    <svg
      width="330"
      height="0"
      viewBox="0 0 330 0"
      fill="none"
      xmlns="http://www.w3.org/2000/svg"
    >
      
    </svg>"
`;

exports[`renderTrophySVG snapshot renders watchdog scaffold consistently 1`] = `
"
    <svg
      width="330"
      height="0"
      viewBox="0 0 330 0"
      fill="none"
      xmlns="http://www.w3.org/2000/svg"
    >
      
    </svg>"
`;
